
> lumini-app@0.0.0 build
> vite build

[36mvite v7.3.1 [32mbuilding client environment for production...[36m[39m
transforming...
[32m??[39m 23 modules transformed.
node.exe : [31m??[39
m Build failed in 406
ms
위치 줄:1 문자:1
+ & "C:\Program Files
\nodejs/node.exe" "C:
\Program Files\nodejs
/node_mo ...
+ ~~~~~~~~~~~~~~~~~~~
~~~~~~~~~~~~~~~~~~~~~
~~~~~~~~~~~~~~~~~~~~~
~~~~~~~~
    + CategoryInfo   
           : NotSpe  
  cified: ([31m??   
 [39m Build faile    
d in 406ms:Strin    g
) [], RemoteExc    ep
tion
    + FullyQualified 
   ErrorId : Native  
  CommandError
 
[31merror during bui
ld:
[31mCould not resolv
e "./lib/supabaseClie
nt" from "src/App.jsx
"[31m
file: [36mC:/Users/k
aesa/?덊떚洹몃옒鍮꾪떚/lumini
-app/src/App.jsx[31m
    at getRollupError
 (file:///C:/Users/ka
esa/%EC%95%88%ED%8B%B
0%EA%B7%B8%EB%9E%98%E
B%B9%84%ED%8B%B0/lumi
ni-app/node_modules/r
ollup/dist/es/shared/
parseAst.js:402:41)
    at error (file://
/C:/Users/kaesa/%EC%9
5%88%ED%8B%B0%EA%B7%B
8%EB%9E%98%EB%B9%84%E
D%8B%B0/lumini-app/no
de_modules/rollup/dis
t/es/shared/parseAst.
js:398:42)
    at ModuleLoader.h
andleInvalidResolvedI
d (file:///C:/Users/k
aesa/%EC%95%88%ED%8B%
B0%EA%B7%B8%EB%9E%98%
EB%B9%84%ED%8B%B0/lum
ini-app/node_modules/
rollup/dist/es/shared
/node-entry.js:21687:
24)
    at file:///C:/Use
rs/kaesa/%EC%95%88%ED
%8B%B0%EA%B7%B8%EB%9E
%98%EB%B9%84%ED%8B%B0
/lumini-app/node_modu
les/rollup/dist/es/sh
ared/node-entry.js:21
647:26[39m
